2026-06-02 09:08:17,044 - INFO - Creating Vendor Summary Table
2026-06-02 09:10:16,172 - INFO -    VendorNumber                   VendorName  Brand              Description  \
0          1128  BROWN-FORMAN CORP             1233  Jack Daniels No 7 Black   
1          4425        MARTIGNETTI COMPANIES   3405    Tito's Handmade Vodka   
2         17035  PERNOD RICARD USA             8068         Absolut 80 Proof   
3          3960  DIAGEO NORTH AMERICA INC      4261   Capt Morgan Spiced Rum   
4          3960  DIAGEO NORTH AMERICA INC      3545          Ketel One Vodka   

   PurchasePrice Volume  Total_Purchase_Quantity  Total_Purchase_Dollars  \
0          26.27   1750                   145080              3811251.60   
1          23.19   1750                   164038              3804041.22   
2          18.24   1750                   187407              3418303.68   
3          16.17   1750                   201682              3261197.94   
4          21.89   1750                   138109              3023206.01   

   Total_Sales_Quantity  Total_Sales_Dollars  Total_Sales_Price  \
0              142049.0           5101919.51          672819.31   
1              160247.0           4819073.49          561512.37   
2              187140.0           4538120.60          461140.15   
3              200412.0           4475972.88          420050.01   
4              135838.0           4223107.62          545778.28   

   Total_Excise_Tax  Freight_Cost  
0         260999.20      68601.68  
1         294438.66     144929.24  
2         343854.07     123780.22  
3         368242.80     257032.07  
4         249587.83     257032.07  
2026-06-02 09:10:16,225 - INFO - Cleaning Data
2026-06-02 09:10:16,299 - INFO -    VendorNumber                VendorName  Brand              Description  \
0          1128         BROWN-FORMAN CORP   1233  Jack Daniels No 7 Black   
1          4425     MARTIGNETTI COMPANIES   3405    Tito's Handmade Vodka   
2         17035         PERNOD RICARD USA   8068         Absolut 80 Proof   
3          3960  DIAGEO NORTH AMERICA INC   4261   Capt Morgan Spiced Rum   
4          3960  DIAGEO NORTH AMERICA INC   3545          Ketel One Vodka   

   PurchasePrice  Volume  Total_Purchase_Quantity  Total_Purchase_Dollars  \
0          26.27  1750.0                   145080              3811251.60   
1          23.19  1750.0                   164038              3804041.22   
2          18.24  1750.0                   187407              3418303.68   
3          16.17  1750.0                   201682              3261197.94   
4          21.89  1750.0                   138109              3023206.01   

   Total_Sales_Quantity  Total_Sales_Dollars  Total_Sales_Price  \
0              142049.0           5101919.51          672819.31   
1              160247.0           4819073.49          561512.37   
2              187140.0           4538120.60          461140.15   
3              200412.0           4475972.88          420050.01   
4              135838.0           4223107.62          545778.28   

   Total_Excise_Tax  Freight_Cost  Gross_Profit  Profit_Margin  \
0         260999.20      68601.68    1290667.91      25.297693   
1         294438.66     144929.24    1015032.27      21.062810   
2         343854.07     123780.22    1119816.92      24.675786   
3         368242.80     257032.07    1214774.94      27.139908   
4         249587.83     257032.07    1199901.61      28.412764   

   Stock_Turnover  Sales_Purchase_Ratio  
0        0.979108              1.338647  
1        0.976890              1.266830  
2        0.998575              1.327594  
3        0.993703              1.372493  
4        0.983556              1.396897  
2026-06-02 09:10:16,310 - INFO - Inserting data
2026-06-02 09:10:16,474 - INFO - Completed
